// Jest Snapshot v1, https://goo.gl/fbAQLP

exports[`should render expense list with empty messages 1`] = `
<div>
  <p>
     No expenses 
  </p>
  <h1>
     Expense List 
  </h1>
</div>
`;

exports[`should render expense list with expenses 1`] = `
<div>
  <Connect(ExpenseListItem)
    amount={1}
    createdAt={0}
    description="Gum"
    id="1"
    key="1"
    note=""
  />
  <Connect(ExpenseListItem)
    amount={2}
    createdAt={-345600000}
    description="Rent"
    id="2"
    key="2"
    note=""
  />
  <Connect(ExpenseListItem)
    amount={3}
    createdAt={345600000}
    description="Credit card"
    id="3"
    key="3"
    note=""
  />
  <h1>
     Expense List 
  </h1>
</div>
`;
